Archive member included to satisfy reference by file (symbol)

c:/altera/14.1/nios2eds/bin/gnu/h-x86_64-mingw32/bin/../lib/gcc/nios2-elf/4.8.3\libgcc.a(lib2-divmod.o)
                              obj/default/hello_world_small.o (__divsi3)
../calc_bsp/\libhal_bsp.a(alt_load.o)
                              ../calc_bsp//obj/HAL/src/crt0.o (alt_load)
../calc_bsp/\libhal_bsp.a(alt_main.o)
                              ../calc_bsp//obj/HAL/src/crt0.o (alt_main)
../calc_bsp/\libhal_bsp.a(alt_sys_init.o)
                              ../calc_bsp/\libhal_bsp.a(alt_main.o) (alt_irq_init)
../calc_bsp/\libhal_bsp.a(alt_dcache_flush_all.o)
                              ../calc_bsp/\libhal_bsp.a(alt_load.o) (alt_dcache_flush_all)
../calc_bsp/\libhal_bsp.a(alt_icache_flush_all.o)
                              ../calc_bsp/\libhal_bsp.a(alt_load.o) (alt_icache_flush_all)
../calc_bsp/\libhal_bsp.a(altera_nios2_gen2_irq.o)
                              ../calc_bsp/\libhal_bsp.a(alt_sys_init.o) (altera_nios2_gen2_irq_init)
../calc_bsp/\libhal_bsp.a(alt_icache_flush.o)
                              ../calc_bsp/\libhal_bsp.a(alt_icache_flush_all.o) (alt_icache_flush)

Memory Configuration

Name             Origin             Length             Attributes
reset            0x0000000000004000 0x0000000000000020
onchip_memory2_0 0x0000000000004020 0x0000000000003fe0
*default*        0x0000000000000000 0xffffffffffffffff

Linker script and memory map

LOAD ../calc_bsp//obj/HAL/src/crt0.o
LOAD obj/default/hello_world_small.o
LOAD c:/altera/14.1/nios2eds/bin/gnu/h-x86_64-mingw32/bin/../lib/gcc/nios2-elf/4.8.3/../../../../../H-x86_64-mingw32/nios2-elf/lib\libstdc++.a
LOAD c:/altera/14.1/nios2eds/bin/gnu/h-x86_64-mingw32/bin/../lib/gcc/nios2-elf/4.8.3/../../../../../H-x86_64-mingw32/nios2-elf/lib\libm.a
LOAD c:/altera/14.1/nios2eds/bin/gnu/h-x86_64-mingw32/bin/../lib/gcc/nios2-elf/4.8.3\libgcc.a
START GROUP
LOAD c:/altera/14.1/nios2eds/bin/gnu/h-x86_64-mingw32/bin/../lib/gcc/nios2-elf/4.8.3/../../../../../H-x86_64-mingw32/nios2-elf/lib\libsmallc.a
LOAD c:/altera/14.1/nios2eds/bin/gnu/h-x86_64-mingw32/bin/../lib/gcc/nios2-elf/4.8.3\libgcc.a
LOAD ../calc_bsp/\libhal_bsp.a
END GROUP
LOAD c:/altera/14.1/nios2eds/bin/gnu/h-x86_64-mingw32/bin/../lib/gcc/nios2-elf/4.8.3\libgcc.a
                0x0000000000004000                __alt_mem_onchip_memory2_0 = 0x4000

.entry          0x0000000000004000       0x20
 *(.entry)
 .entry         0x0000000000004000       0x20 ../calc_bsp//obj/HAL/src/crt0.o
                0x0000000000004000                __reset
                0x000000000000401c                _exit

.exceptions     0x0000000000004020        0x0
                0x0000000000004020                PROVIDE (__ram_exceptions_start, ABSOLUTE (.))
                0x0000000000004020                . = ALIGN (0x20)
 *(.irq)
 *(.exceptions.entry.label)
 *(.exceptions.entry.user)
 *(.exceptions.entry.ecc_fatal)
 *(.exceptions.entry)
 *(.exceptions.irqtest.user)
 *(.exceptions.irqtest)
 *(.exceptions.irqhandler.user)
 *(.exceptions.irqhandler)
 *(.exceptions.irqreturn.user)
 *(.exceptions.irqreturn)
 *(.exceptions.notirq.label)
 *(.exceptions.notirq.user)
 *(.exceptions.notirq)
 *(.exceptions.soft.user)
 *(.exceptions.soft)
 *(.exceptions.unknown.user)
 *(.exceptions.unknown)
 *(.exceptions.exit.label)
 *(.exceptions.exit.user)
 *(.exceptions.exit)
 *(.exceptions)
                0x0000000000004020                PROVIDE (__ram_exceptions_end, ABSOLUTE (.))
                0x0000000000004020                PROVIDE (__flash_exceptions_start, LOADADDR (.exceptions))

.text           0x0000000000004020      0x3d0
                0x0000000000004020                PROVIDE (stext, ABSOLUTE (.))
 *(.interp)
 *(.hash)
 *(.dynsym)
 *(.dynstr)
 *(.gnu.version)
 *(.gnu.version_d)
 *(.gnu.version_r)
 *(.rel.init)
 *(.rela.init)
 *(.rel.text .rel.text.* .rel.gnu.linkonce.t.*)
 *(.rela.text .rela.text.* .rela.gnu.linkonce.t.*)
 *(.rel.fini)
 *(.rela.fini)
 *(.rel.rodata .rel.rodata.* .rel.gnu.linkonce.r.*)
 *(.rela.rodata .rela.rodata.* .rela.gnu.linkonce.r.*)
 *(.rel.data .rel.data.* .rel.gnu.linkonce.d.*)
 *(.rela.data .rela.data.* .rela.gnu.linkonce.d.*)
 *(.rel.tdata .rel.tdata.* .rel.gnu.linkonce.td.*)
 *(.rela.tdata .rela.tdata.* .rela.gnu.linkonce.td.*)
 *(.rel.tbss .rel.tbss.* .rel.gnu.linkonce.tb.*)
 *(.rela.tbss .rela.tbss.* .rela.gnu.linkonce.tb.*)
 *(.rel.ctors)
 *(.rela.ctors)
 *(.rel.dtors)
 *(.rela.dtors)
 *(.rel.got)
 *(.rela.got)
 *(.rel.sdata .rel.sdata.* .rel.gnu.linkonce.s.*)
 *(.rela.sdata .rela.sdata.* .rela.gnu.linkonce.s.*)
 *(.rel.sbss .rel.sbss.* .rel.gnu.linkonce.sb.*)
 *(.rela.sbss .rela.sbss.* .rela.gnu.linkonce.sb.*)
 *(.rel.sdata2 .rel.sdata2.* .rel.gnu.linkonce.s2.*)
 *(.rela.sdata2 .rela.sdata2.* .rela.gnu.linkonce.s2.*)
 *(.rel.sbss2 .rel.sbss2.* .rel.gnu.linkonce.sb2.*)
 *(.rela.sbss2 .rela.sbss2.* .rela.gnu.linkonce.sb2.*)
 *(.rel.bss .rel.bss.* .rel.gnu.linkonce.b.*)
 *(.rela.bss .rela.bss.* .rela.gnu.linkonce.b.*)
 *(.rel.plt)
 *(.rela.plt)
 *(.rel.dyn)
 *(.init)
 *(.plt)
 *(.text .stub .text.* .gnu.linkonce.t.*)
 .text          0x0000000000004020       0x4c ../calc_bsp//obj/HAL/src/crt0.o
                0x0000000000004020                _start
 .text          0x000000000000406c       0x2c obj/default/hello_world_small.o
                0x000000000000406c                delay
 .text.startup  0x0000000000004098       0x98 obj/default/hello_world_small.o
                0x0000000000004098                main
 .text          0x0000000000004130      0x114 c:/altera/14.1/nios2eds/bin/gnu/h-x86_64-mingw32/bin/../lib/gcc/nios2-elf/4.8.3\libgcc.a(lib2-divmod.o)
                0x00000000000041a0                __divsi3
                0x00000000000041e8                __modsi3
                0x0000000000004234                __udivsi3
                0x000000000000423c                __umodsi3
 .text          0x0000000000004244       0xf8 ../calc_bsp/\libhal_bsp.a(alt_load.o)
                0x0000000000004244                alt_load
 .text          0x000000000000433c       0x2c ../calc_bsp/\libhal_bsp.a(alt_main.o)
                0x000000000000433c                alt_main
 .text          0x0000000000004368       0x24 ../calc_bsp/\libhal_bsp.a(alt_sys_init.o)
                0x0000000000004368                alt_irq_init
                0x0000000000004388                alt_sys_init
 .text          0x000000000000438c       0x18 ../calc_bsp/\libhal_bsp.a(alt_dcache_flush_all.o)
                0x000000000000438c                alt_dcache_flush_all
 .text          0x00000000000043a4        0xc ../calc_bsp/\libhal_bsp.a(alt_icache_flush_all.o)
                0x00000000000043a4                alt_icache_flush_all
 .text          0x00000000000043b0        0x8 ../calc_bsp/\libhal_bsp.a(altera_nios2_gen2_irq.o)
                0x00000000000043b0                altera_nios2_gen2_irq_init
 .text          0x00000000000043b8       0x38 ../calc_bsp/\libhal_bsp.a(alt_icache_flush.o)
                0x00000000000043b8                alt_icache_flush
 *(.gnu.warning.*)
 *(.fini)
                0x00000000000043f0                PROVIDE (__etext, ABSOLUTE (.))
                0x00000000000043f0                PROVIDE (_etext, ABSOLUTE (.))
                0x00000000000043f0                PROVIDE (etext, ABSOLUTE (.))
 *(.eh_frame_hdr)
                0x00000000000043f0                . = ALIGN (0x4)
                0x00000000000043f0                PROVIDE (__preinit_array_start, ABSOLUTE (.))
 *(.preinit_array)
                0x00000000000043f0                PROVIDE (__preinit_array_end, ABSOLUTE (.))
                0x00000000000043f0                PROVIDE (__init_array_start, ABSOLUTE (.))
 *(.init_array)
                0x00000000000043f0                PROVIDE (__init_array_end, ABSOLUTE (.))
                0x00000000000043f0                PROVIDE (__fini_array_start, ABSOLUTE (.))
 *(.fini_array)
                0x00000000000043f0                PROVIDE (__fini_array_end, ABSOLUTE (.))
 *(.eh_frame)
 *(.gcc_except_table .gcc_except_table.*)
 *(.dynamic)
                0x00000000000043f0                PROVIDE (__CTOR_LIST__, ABSOLUTE (.))
 *(.ctors)
 *(SORT(.ctors.*))
                0x00000000000043f0                PROVIDE (__CTOR_END__, ABSOLUTE (.))
                0x00000000000043f0                PROVIDE (__DTOR_LIST__, ABSOLUTE (.))
 *(.dtors)
 *(SORT(.dtors.*))
                0x00000000000043f0                PROVIDE (__DTOR_END__, ABSOLUTE (.))
 *(.jcr)
                0x00000000000043f0                . = ALIGN (0x4)

.rodata         0x00000000000043f0        0x0
                0x00000000000043f0                PROVIDE (__ram_rodata_start, ABSOLUTE (.))
                0x00000000000043f0                . = ALIGN (0x4)
 *(.rodata .rodata.* .gnu.linkonce.r.*)
 *(.rodata1)
                0x00000000000043f0                . = ALIGN (0x4)
                0x00000000000043f0                PROVIDE (__ram_rodata_end, ABSOLUTE (.))
                0x00000000000043f0                PROVIDE (__flash_rodata_start, LOADADDR (.rodata))

.rwdata         0x00000000000043f0        0x4 load address 0x00000000000043f4
                0x00000000000043f0                PROVIDE (__ram_rwdata_start, ABSOLUTE (.))
                0x00000000000043f0                . = ALIGN (0x4)
 *(.got.plt)
 *(.got)
 *(.data1)
 *(.data .data.* .gnu.linkonce.d.*)
 .data          0x00000000000043f0        0x0 ../calc_bsp//obj/HAL/src/crt0.o
 .data          0x00000000000043f0        0x0 obj/default/hello_world_small.o
 .data          0x00000000000043f0        0x0 c:/altera/14.1/nios2eds/bin/gnu/h-x86_64-mingw32/bin/../lib/gcc/nios2-elf/4.8.3\libgcc.a(lib2-divmod.o)
 .data          0x00000000000043f0        0x0 ../calc_bsp/\libhal_bsp.a(alt_load.o)
 .data          0x00000000000043f0        0x0 ../calc_bsp/\libhal_bsp.a(alt_main.o)
 .data          0x00000000000043f0        0x0 ../calc_bsp/\libhal_bsp.a(alt_sys_init.o)
 .data          0x00000000000043f0        0x0 ../calc_bsp/\libhal_bsp.a(alt_dcache_flush_all.o)
 .data          0x00000000000043f0        0x0 ../calc_bsp/\libhal_bsp.a(alt_icache_flush_all.o)
 .data          0x00000000000043f0        0x0 ../calc_bsp/\libhal_bsp.a(altera_nios2_gen2_irq.o)
 .data          0x00000000000043f0        0x0 ../calc_bsp/\libhal_bsp.a(alt_icache_flush.o)
                0x000000000000c3f0                _gp = ABSOLUTE ((. + 0x8000))
                0x000000000000c3f0                PROVIDE (gp, _gp)
 *(.rwdata .rwdata.*)
 *(.sdata .sdata.* .gnu.linkonce.s.*)
 .sdata         0x00000000000043f0        0x4 ../calc_bsp/\libhal_bsp.a(alt_sys_init.o)
                0x00000000000043f0                jtag_uart_0
 *(.sdata2 .sdata2.* .gnu.linkonce.s2.*)
                0x00000000000043f4                . = ALIGN (0x4)
                0x00000000000043f4                _edata = ABSOLUTE (.)
                0x00000000000043f4                PROVIDE (edata, ABSOLUTE (.))
                0x00000000000043f4                PROVIDE (__ram_rwdata_end, ABSOLUTE (.))
                0x00000000000043f4                PROVIDE (__flash_rwdata_start, LOADADDR (.rwdata))

.bss            0x00000000000043f8        0xc
                0x00000000000043f8                __bss_start = ABSOLUTE (.)
                0x00000000000043f8                PROVIDE (__sbss_start, ABSOLUTE (.))
                0x00000000000043f8                PROVIDE (___sbss_start, ABSOLUTE (.))
 *(.dynsbss)
 *(.sbss .sbss.* .gnu.linkonce.sb.*)
 .sbss          0x00000000000043f8        0xc ../calc_bsp/\libhal_bsp.a(alt_main.o)
                0x00000000000043f8                alt_envp
                0x00000000000043fc                alt_argv
                0x0000000000004400                alt_argc
 *(.sbss2 .sbss2.* .gnu.linkonce.sb2.*)
 *(.scommon)
                0x0000000000004404                PROVIDE (__sbss_end, ABSOLUTE (.))
                0x0000000000004404                PROVIDE (___sbss_end, ABSOLUTE (.))
 *(.dynbss)
 *(.bss .bss.* .gnu.linkonce.b.*)
 .bss           0x0000000000004404        0x0 ../calc_bsp//obj/HAL/src/crt0.o
 .bss           0x0000000000004404        0x0 obj/default/hello_world_small.o
 .bss           0x0000000000004404        0x0 c:/altera/14.1/nios2eds/bin/gnu/h-x86_64-mingw32/bin/../lib/gcc/nios2-elf/4.8.3\libgcc.a(lib2-divmod.o)
 .bss           0x0000000000004404        0x0 ../calc_bsp/\libhal_bsp.a(alt_load.o)
 .bss           0x0000000000004404        0x0 ../calc_bsp/\libhal_bsp.a(alt_main.o)
 .bss           0x0000000000004404        0x0 ../calc_bsp/\libhal_bsp.a(alt_sys_init.o)
 .bss           0x0000000000004404        0x0 ../calc_bsp/\libhal_bsp.a(alt_dcache_flush_all.o)
 .bss           0x0000000000004404        0x0 ../calc_bsp/\libhal_bsp.a(alt_icache_flush_all.o)
 .bss           0x0000000000004404        0x0 ../calc_bsp/\libhal_bsp.a(altera_nios2_gen2_irq.o)
 .bss           0x0000000000004404        0x0 ../calc_bsp/\libhal_bsp.a(alt_icache_flush.o)
 *(COMMON)
                0x0000000000004404                . = ALIGN (0x4)
                0x0000000000004404                __bss_end = ABSOLUTE (.)

.onchip_memory2_0
                0x0000000000004404        0x0
                0x0000000000004404                PROVIDE (_alt_partition_onchip_memory2_0_start, ABSOLUTE (.))
 *(.onchip_memory2_0 .onchip_memory2_0. onchip_memory2_0.*)
                0x0000000000004404                . = ALIGN (0x4)
                0x0000000000004404                PROVIDE (_alt_partition_onchip_memory2_0_end, ABSOLUTE (.))
                0x0000000000004404                _end = ABSOLUTE (.)
                0x0000000000004404                end = ABSOLUTE (.)
                0x0000000000004404                __alt_stack_base = ABSOLUTE (.)
                0x0000000000004404                PROVIDE (_alt_partition_onchip_memory2_0_load_addr, LOADADDR (.onchip_memory2_0))

.stab
 *(.stab)

.stabstr
 *(.stabstr)

.stab.excl
 *(.stab.excl)

.stab.exclstr
 *(.stab.exclstr)

.stab.index
 *(.stab.index)

.stab.indexstr
 *(.stab.indexstr)

.comment        0x0000000000000000       0x39
 *(.comment)
 .comment       0x0000000000000000       0x39 obj/default/hello_world_small.o
                                         0x3a (size before relaxing)
 .comment       0x0000000000000000       0x3a c:/altera/14.1/nios2eds/bin/gnu/h-x86_64-mingw32/bin/../lib/gcc/nios2-elf/4.8.3\libgcc.a(lib2-divmod.o)
 .comment       0x0000000000000000       0x3a ../calc_bsp/\libhal_bsp.a(alt_load.o)
 .comment       0x0000000000000000       0x3a ../calc_bsp/\libhal_bsp.a(alt_main.o)
 .comment       0x0000000000000000       0x3a ../calc_bsp/\libhal_bsp.a(alt_sys_init.o)
 .comment       0x0000000000000000       0x3a ../calc_bsp/\libhal_bsp.a(alt_dcache_flush_all.o)
 .comment       0x0000000000000000       0x3a ../calc_bsp/\libhal_bsp.a(alt_icache_flush_all.o)
 .comment       0x0000000000000000       0x3a ../calc_bsp/\libhal_bsp.a(altera_nios2_gen2_irq.o)
 .comment       0x0000000000000000       0x3a ../calc_bsp/\libhal_bsp.a(alt_icache_flush.o)

.debug
 *(.debug)

.line
 *(.line)

.debug_srcinfo
 *(.debug_srcinfo)

.debug_sfnames
 *(.debug_sfnames)

.debug_aranges  0x0000000000000000      0x150
 *(.debug_aranges)
 .debug_aranges
                0x0000000000000000       0x28 ../calc_bsp//obj/HAL/src/crt0.o
 .debug_aranges
                0x0000000000000028       0x28 obj/default/hello_world_small.o
 .debug_aranges
                0x0000000000000050       0x20 c:/altera/14.1/nios2eds/bin/gnu/h-x86_64-mingw32/bin/../lib/gcc/nios2-elf/4.8.3\libgcc.a(lib2-divmod.o)
 .debug_aranges
                0x0000000000000070       0x20 ../calc_bsp/\libhal_bsp.a(alt_load.o)
 .debug_aranges
                0x0000000000000090       0x20 ../calc_bsp/\libhal_bsp.a(alt_main.o)
 .debug_aranges
                0x00000000000000b0       0x20 ../calc_bsp/\libhal_bsp.a(alt_sys_init.o)
 .debug_aranges
                0x00000000000000d0       0x20 ../calc_bsp/\libhal_bsp.a(alt_dcache_flush_all.o)
 .debug_aranges
                0x00000000000000f0       0x20 ../calc_bsp/\libhal_bsp.a(alt_icache_flush_all.o)
 .debug_aranges
                0x0000000000000110       0x20 ../calc_bsp/\libhal_bsp.a(altera_nios2_gen2_irq.o)
 .debug_aranges
                0x0000000000000130       0x20 ../calc_bsp/\libhal_bsp.a(alt_icache_flush.o)

.debug_pubnames
 *(.debug_pubnames)

.debug_info     0x0000000000000000      0xb9e
 *(.debug_info .gnu.linkonce.wi.*)
 .debug_info    0x0000000000000000       0x5a ../calc_bsp//obj/HAL/src/crt0.o
 .debug_info    0x000000000000005a      0x147 obj/default/hello_world_small.o
 .debug_info    0x00000000000001a1      0x270 c:/altera/14.1/nios2eds/bin/gnu/h-x86_64-mingw32/bin/../lib/gcc/nios2-elf/4.8.3\libgcc.a(lib2-divmod.o)
 .debug_info    0x0000000000000411      0x1d2 ../calc_bsp/\libhal_bsp.a(alt_load.o)
 .debug_info    0x00000000000005e3      0x17b ../calc_bsp/\libhal_bsp.a(alt_main.o)
 .debug_info    0x000000000000075e      0x17a ../calc_bsp/\libhal_bsp.a(alt_sys_init.o)
 .debug_info    0x00000000000008d8       0x9f ../calc_bsp/\libhal_bsp.a(alt_dcache_flush_all.o)
 .debug_info    0x0000000000000977       0xc5 ../calc_bsp/\libhal_bsp.a(alt_icache_flush_all.o)
 .debug_info    0x0000000000000a3c       0x8b ../calc_bsp/\libhal_bsp.a(altera_nios2_gen2_irq.o)
 .debug_info    0x0000000000000ac7       0xd7 ../calc_bsp/\libhal_bsp.a(alt_icache_flush.o)

.debug_abbrev   0x0000000000000000      0x683
 *(.debug_abbrev)
 .debug_abbrev  0x0000000000000000       0x12 ../calc_bsp//obj/HAL/src/crt0.o
 .debug_abbrev  0x0000000000000012       0xb4 obj/default/hello_world_small.o
 .debug_abbrev  0x00000000000000c6       0xf6 c:/altera/14.1/nios2eds/bin/gnu/h-x86_64-mingw32/bin/../lib/gcc/nios2-elf/4.8.3\libgcc.a(lib2-divmod.o)
 .debug_abbrev  0x00000000000001bc       0xe1 ../calc_bsp/\libhal_bsp.a(alt_load.o)
 .debug_abbrev  0x000000000000029d      0x120 ../calc_bsp/\libhal_bsp.a(alt_main.o)
 .debug_abbrev  0x00000000000003bd      0x105 ../calc_bsp/\libhal_bsp.a(alt_sys_init.o)
 .debug_abbrev  0x00000000000004c2       0x5a ../calc_bsp/\libhal_bsp.a(alt_dcache_flush_all.o)
 .debug_abbrev  0x000000000000051c       0x8a ../calc_bsp/\libhal_bsp.a(alt_icache_flush_all.o)
 .debug_abbrev  0x00000000000005a6       0x42 ../calc_bsp/\libhal_bsp.a(altera_nios2_gen2_irq.o)
 .debug_abbrev  0x00000000000005e8       0x9b ../calc_bsp/\libhal_bsp.a(alt_icache_flush.o)

.debug_line     0x0000000000000000      0x5e4
 *(.debug_line)
 .debug_line    0x0000000000000000       0x72 ../calc_bsp//obj/HAL/src/crt0.o
 .debug_line    0x0000000000000072       0x95 obj/default/hello_world_small.o
 .debug_line    0x0000000000000107       0xcb c:/altera/14.1/nios2eds/bin/gnu/h-x86_64-mingw32/bin/../lib/gcc/nios2-elf/4.8.3\libgcc.a(lib2-divmod.o)
 .debug_line    0x00000000000001d2       0xa6 ../calc_bsp/\libhal_bsp.a(alt_load.o)
 .debug_line    0x0000000000000278       0xbd ../calc_bsp/\libhal_bsp.a(alt_main.o)
 .debug_line    0x0000000000000335      0x101 ../calc_bsp/\libhal_bsp.a(alt_sys_init.o)
 .debug_line    0x0000000000000436       0x5a ../calc_bsp/\libhal_bsp.a(alt_dcache_flush_all.o)
 .debug_line    0x0000000000000490       0x87 ../calc_bsp/\libhal_bsp.a(alt_icache_flush_all.o)
 .debug_line    0x0000000000000517       0x50 ../calc_bsp/\libhal_bsp.a(altera_nios2_gen2_irq.o)
 .debug_line    0x0000000000000567       0x7d ../calc_bsp/\libhal_bsp.a(alt_icache_flush.o)

.debug_frame    0x0000000000000000      0x1e0
 *(.debug_frame)
 .debug_frame   0x0000000000000000       0x48 obj/default/hello_world_small.o
 .debug_frame   0x0000000000000048       0x80 c:/altera/14.1/nios2eds/bin/gnu/h-x86_64-mingw32/bin/../lib/gcc/nios2-elf/4.8.3\libgcc.a(lib2-divmod.o)
 .debug_frame   0x00000000000000c8       0x30 ../calc_bsp/\libhal_bsp.a(alt_load.o)
 .debug_frame   0x00000000000000f8       0x2c ../calc_bsp/\libhal_bsp.a(alt_main.o)
 .debug_frame   0x0000000000000124       0x3c ../calc_bsp/\libhal_bsp.a(alt_sys_init.o)
 .debug_frame   0x0000000000000160       0x20 ../calc_bsp/\libhal_bsp.a(alt_dcache_flush_all.o)
 .debug_frame   0x0000000000000180       0x20 ../calc_bsp/\libhal_bsp.a(alt_icache_flush_all.o)
 .debug_frame   0x00000000000001a0       0x20 ../calc_bsp/\libhal_bsp.a(altera_nios2_gen2_irq.o)
 .debug_frame   0x00000000000001c0       0x20 ../calc_bsp/\libhal_bsp.a(alt_icache_flush.o)

.debug_str      0x0000000000000000      0x595
 *(.debug_str)
 .debug_str     0x0000000000000000      0x10a obj/default/hello_world_small.o
                                        0x148 (size before relaxing)
 .debug_str     0x000000000000010a      0x17f c:/altera/14.1/nios2eds/bin/gnu/h-x86_64-mingw32/bin/../lib/gcc/nios2-elf/4.8.3\libgcc.a(lib2-divmod.o)
                                        0x1ca (size before relaxing)
 .debug_str     0x0000000000000289      0x141 ../calc_bsp/\libhal_bsp.a(alt_load.o)
                                        0x21e (size before relaxing)
 .debug_str     0x00000000000003ca       0x8f ../calc_bsp/\libhal_bsp.a(alt_main.o)
                                        0x197 (size before relaxing)
 .debug_str     0x0000000000000459       0xb2 ../calc_bsp/\libhal_bsp.a(alt_sys_init.o)
                                        0x208 (size before relaxing)
 .debug_str     0x000000000000050b       0x1f ../calc_bsp/\libhal_bsp.a(alt_dcache_flush_all.o)
                                        0x137 (size before relaxing)
 .debug_str     0x000000000000052a       0x30 ../calc_bsp/\libhal_bsp.a(alt_icache_flush_all.o)
                                        0x150 (size before relaxing)
 .debug_str     0x000000000000055a       0x20 ../calc_bsp/\libhal_bsp.a(altera_nios2_gen2_irq.o)
                                        0x13e (size before relaxing)
 .debug_str     0x000000000000057a       0x1b ../calc_bsp/\libhal_bsp.a(alt_icache_flush.o)
                                        0x13d (size before relaxing)

.debug_loc      0x0000000000000000      0x4a8
 *(.debug_loc)
 .debug_loc     0x0000000000000000       0xb2 obj/default/hello_world_small.o
 .debug_loc     0x00000000000000b2      0x2d7 c:/altera/14.1/nios2eds/bin/gnu/h-x86_64-mingw32/bin/../lib/gcc/nios2-elf/4.8.3\libgcc.a(lib2-divmod.o)
 .debug_loc     0x0000000000000389       0x8d ../calc_bsp/\libhal_bsp.a(alt_load.o)
 .debug_loc     0x0000000000000416       0x21 ../calc_bsp/\libhal_bsp.a(alt_sys_init.o)
 .debug_loc     0x0000000000000437       0x1f ../calc_bsp/\libhal_bsp.a(alt_dcache_flush_all.o)
 .debug_loc     0x0000000000000456       0x52 ../calc_bsp/\libhal_bsp.a(alt_icache_flush.o)

.debug_macinfo
 *(.debug_macinfo)

.debug_weaknames
 *(.debug_weaknames)

.debug_funcnames
 *(.debug_funcnames)

.debug_typenames
 *(.debug_typenames)

.debug_varnames
 *(.debug_varnames)

.debug_alt_sim_info
                0x0000000000000000       0x30
 *(.debug_alt_sim_info)
 .debug_alt_sim_info
                0x0000000000000000       0x30 ../calc_bsp//obj/HAL/src/crt0.o
                0x0000000000008000                __alt_data_end = 0x8000
                0x0000000000008000                PROVIDE (__alt_stack_pointer, __alt_data_end)
                0x0000000000004404                PROVIDE (__alt_stack_limit, __alt_stack_base)
                0x0000000000004404                PROVIDE (__alt_heap_start, end)
                0x0000000000008000                PROVIDE (__alt_heap_limit, 0x8000)
OUTPUT(calc.elf elf32-littlenios2)

.debug_ranges   0x0000000000000000       0x90
 .debug_ranges  0x0000000000000000       0x20 ../calc_bsp//obj/HAL/src/crt0.o
 .debug_ranges  0x0000000000000020       0x18 obj/default/hello_world_small.o
 .debug_ranges  0x0000000000000038       0x48 ../calc_bsp/\libhal_bsp.a(alt_load.o)
 .debug_ranges  0x0000000000000080       0x10 ../calc_bsp/\libhal_bsp.a(alt_icache_flush.o)
