Archive member included to satisfy reference by file (symbol)

c:/altera/14.1/nios2eds/bin/gnu/h-x86_64-mingw32/bin/../lib/gcc/nios2-elf/4.8.3\libgcc.a(lib2-divmod.o)
                              obj/default/hello_world_small.o (__udivsi3)
../Calculator_Final_UQ_bsp/\libhal_bsp.a(alt_load.o)
                              ../Calculator_Final_UQ_bsp//obj/HAL/src/crt0.o (alt_load)
../Calculator_Final_UQ_bsp/\libhal_bsp.a(alt_main.o)
                              ../Calculator_Final_UQ_bsp//obj/HAL/src/crt0.o (alt_main)
../Calculator_Final_UQ_bsp/\libhal_bsp.a(alt_sys_init.o)
                              ../Calculator_Final_UQ_bsp/\libhal_bsp.a(alt_main.o) (alt_irq_init)
../Calculator_Final_UQ_bsp/\libhal_bsp.a(alt_dcache_flush_all.o)
                              ../Calculator_Final_UQ_bsp/\libhal_bsp.a(alt_load.o) (alt_dcache_flush_all)
../Calculator_Final_UQ_bsp/\libhal_bsp.a(alt_icache_flush_all.o)
                              ../Calculator_Final_UQ_bsp/\libhal_bsp.a(alt_load.o) (alt_icache_flush_all)
../Calculator_Final_UQ_bsp/\libhal_bsp.a(altera_nios2_gen2_irq.o)
                              ../Calculator_Final_UQ_bsp/\libhal_bsp.a(alt_sys_init.o) (altera_nios2_gen2_irq_init)
../Calculator_Final_UQ_bsp/\libhal_bsp.a(alt_icache_flush.o)
                              ../Calculator_Final_UQ_bsp/\libhal_bsp.a(alt_icache_flush_all.o) (alt_icache_flush)

Memory Configuration

Name             Origin             Length             Attributes
reset            0x0000000000004000 0x0000000000000020
onchip_memory2_0 0x0000000000004020 0x0000000000003fe0
*default*        0x0000000000000000 0xffffffffffffffff

Linker script and memory map

LOAD ../Calculator_Final_UQ_bsp//obj/HAL/src/crt0.o
LOAD obj/default/hello_world_small.o
LOAD c:/altera/14.1/nios2eds/bin/gnu/h-x86_64-mingw32/bin/../lib/gcc/nios2-elf/4.8.3/../../../../../H-x86_64-mingw32/nios2-elf/lib\libstdc++.a
LOAD c:/altera/14.1/nios2eds/bin/gnu/h-x86_64-mingw32/bin/../lib/gcc/nios2-elf/4.8.3/../../../../../H-x86_64-mingw32/nios2-elf/lib\libm.a
LOAD c:/altera/14.1/nios2eds/bin/gnu/h-x86_64-mingw32/bin/../lib/gcc/nios2-elf/4.8.3\libgcc.a
START GROUP
LOAD c:/altera/14.1/nios2eds/bin/gnu/h-x86_64-mingw32/bin/../lib/gcc/nios2-elf/4.8.3/../../../../../H-x86_64-mingw32/nios2-elf/lib\libsmallc.a
LOAD c:/altera/14.1/nios2eds/bin/gnu/h-x86_64-mingw32/bin/../lib/gcc/nios2-elf/4.8.3\libgcc.a
LOAD ../Calculator_Final_UQ_bsp/\libhal_bsp.a
END GROUP
LOAD c:/altera/14.1/nios2eds/bin/gnu/h-x86_64-mingw32/bin/../lib/gcc/nios2-elf/4.8.3\libgcc.a
                0x0000000000004000                __alt_mem_onchip_memory2_0 = 0x4000

.entry          0x0000000000004000       0x20
 *(.entry)
 .entry         0x0000000000004000       0x20 ../Calculator_Final_UQ_bsp//obj/HAL/src/crt0.o
                0x0000000000004000                __reset
                0x000000000000401c                _exit

.exceptions     0x0000000000004020        0x0
                0x0000000000004020                PROVIDE (__ram_exceptions_start, ABSOLUTE (.))
                0x0000000000004020                . = ALIGN (0x20)
 *(.irq)
 *(.exceptions.entry.label)
 *(.exceptions.entry.user)
 *(.exceptions.entry.ecc_fatal)
 *(.exceptions.entry)
 *(.exceptions.irqtest.user)
 *(.exceptions.irqtest)
 *(.exceptions.irqhandler.user)
 *(.exceptions.irqhandler)
 *(.exceptions.irqreturn.user)
 *(.exceptions.irqreturn)
 *(.exceptions.notirq.label)
 *(.exceptions.notirq.user)
 *(.exceptions.notirq)
 *(.exceptions.soft.user)
 *(.exceptions.soft)
 *(.exceptions.unknown.user)
 *(.exceptions.unknown)
 *(.exceptions.exit.label)
 *(.exceptions.exit.user)
 *(.exceptions.exit)
 *(.exceptions)
                0x0000000000004020                PROVIDE (__ram_exceptions_end, ABSOLUTE (.))
                0x0000000000004020                PROVIDE (__flash_exceptions_start, LOADADDR (.exceptions))

.text           0x0000000000004020      0x40c
                0x0000000000004020                PROVIDE (stext, ABSOLUTE (.))
 *(.interp)
 *(.hash)
 *(.dynsym)
 *(.dynstr)
 *(.gnu.version)
 *(.gnu.version_d)
 *(.gnu.version_r)
 *(.rel.init)
 *(.rela.init)
 *(.rel.text .rel.text.* .rel.gnu.linkonce.t.*)
 *(.rela.text .rela.text.* .rela.gnu.linkonce.t.*)
 *(.rel.fini)
 *(.rela.fini)
 *(.rel.rodata .rel.rodata.* .rel.gnu.linkonce.r.*)
 *(.rela.rodata .rela.rodata.* .rela.gnu.linkonce.r.*)
 *(.rel.data .rel.data.* .rel.gnu.linkonce.d.*)
 *(.rela.data .rela.data.* .rela.gnu.linkonce.d.*)
 *(.rel.tdata .rel.tdata.* .rel.gnu.linkonce.td.*)
 *(.rela.tdata .rela.tdata.* .rela.gnu.linkonce.td.*)
 *(.rel.tbss .rel.tbss.* .rel.gnu.linkonce.tb.*)
 *(.rela.tbss .rela.tbss.* .rela.gnu.linkonce.tb.*)
 *(.rel.ctors)
 *(.rela.ctors)
 *(.rel.dtors)
 *(.rela.dtors)
 *(.rel.got)
 *(.rela.got)
 *(.rel.sdata .rel.sdata.* .rel.gnu.linkonce.s.*)
 *(.rela.sdata .rela.sdata.* .rela.gnu.linkonce.s.*)
 *(.rel.sbss .rel.sbss.* .rel.gnu.linkonce.sb.*)
 *(.rela.sbss .rela.sbss.* .rela.gnu.linkonce.sb.*)
 *(.rel.sdata2 .rel.sdata2.* .rel.gnu.linkonce.s2.*)
 *(.rela.sdata2 .rela.sdata2.* .rela.gnu.linkonce.s2.*)
 *(.rel.sbss2 .rel.sbss2.* .rel.gnu.linkonce.sb2.*)
 *(.rela.sbss2 .rela.sbss2.* .rela.gnu.linkonce.sb2.*)
 *(.rel.bss .rel.bss.* .rel.gnu.linkonce.b.*)
 *(.rela.bss .rela.bss.* .rela.gnu.linkonce.b.*)
 *(.rel.plt)
 *(.rela.plt)
 *(.rel.dyn)
 *(.init)
 *(.plt)
 *(.text .stub .text.* .gnu.linkonce.t.*)
 .text          0x0000000000004020       0x4c ../Calculator_Final_UQ_bsp//obj/HAL/src/crt0.o
                0x0000000000004020                _start
 .text          0x000000000000406c       0x78 obj/default/hello_world_small.o
                0x000000000000406c                delay
                0x0000000000004098                dcb
 .text.startup  0x00000000000040e4       0x88 obj/default/hello_world_small.o
                0x00000000000040e4                main
 .text          0x000000000000416c      0x114 c:/altera/14.1/nios2eds/bin/gnu/h-x86_64-mingw32/bin/../lib/gcc/nios2-elf/4.8.3\libgcc.a(lib2-divmod.o)
                0x00000000000041dc                __divsi3
                0x0000000000004224                __modsi3
                0x0000000000004270                __udivsi3
                0x0000000000004278                __umodsi3
 .text          0x0000000000004280       0xf8 ../Calculator_Final_UQ_bsp/\libhal_bsp.a(alt_load.o)
                0x0000000000004280                alt_load
 .text          0x0000000000004378       0x2c ../Calculator_Final_UQ_bsp/\libhal_bsp.a(alt_main.o)
                0x0000000000004378                alt_main
 .text          0x00000000000043a4       0x24 ../Calculator_Final_UQ_bsp/\libhal_bsp.a(alt_sys_init.o)
                0x00000000000043a4                alt_irq_init
                0x00000000000043c4                alt_sys_init
 .text          0x00000000000043c8       0x18 ../Calculator_Final_UQ_bsp/\libhal_bsp.a(alt_dcache_flush_all.o)
                0x00000000000043c8                alt_dcache_flush_all
 .text          0x00000000000043e0        0xc ../Calculator_Final_UQ_bsp/\libhal_bsp.a(alt_icache_flush_all.o)
                0x00000000000043e0                alt_icache_flush_all
 .text          0x00000000000043ec        0x8 ../Calculator_Final_UQ_bsp/\libhal_bsp.a(altera_nios2_gen2_irq.o)
                0x00000000000043ec                altera_nios2_gen2_irq_init
 .text          0x00000000000043f4       0x38 ../Calculator_Final_UQ_bsp/\libhal_bsp.a(alt_icache_flush.o)
                0x00000000000043f4                alt_icache_flush
 *(.gnu.warning.*)
 *(.fini)
                0x000000000000442c                PROVIDE (__etext, ABSOLUTE (.))
                0x000000000000442c                PROVIDE (_etext, ABSOLUTE (.))
                0x000000000000442c                PROVIDE (etext, ABSOLUTE (.))
 *(.eh_frame_hdr)
                0x000000000000442c                . = ALIGN (0x4)
                0x000000000000442c                PROVIDE (__preinit_array_start, ABSOLUTE (.))
 *(.preinit_array)
                0x000000000000442c                PROVIDE (__preinit_array_end, ABSOLUTE (.))
                0x000000000000442c                PROVIDE (__init_array_start, ABSOLUTE (.))
 *(.init_array)
                0x000000000000442c                PROVIDE (__init_array_end, ABSOLUTE (.))
                0x000000000000442c                PROVIDE (__fini_array_start, ABSOLUTE (.))
 *(.fini_array)
                0x000000000000442c                PROVIDE (__fini_array_end, ABSOLUTE (.))
 *(.eh_frame)
 *(.gcc_except_table .gcc_except_table.*)
 *(.dynamic)
                0x000000000000442c                PROVIDE (__CTOR_LIST__, ABSOLUTE (.))
 *(.ctors)
 *(SORT(.ctors.*))
                0x000000000000442c                PROVIDE (__CTOR_END__, ABSOLUTE (.))
                0x000000000000442c                PROVIDE (__DTOR_LIST__, ABSOLUTE (.))
 *(.dtors)
 *(SORT(.dtors.*))
                0x000000000000442c                PROVIDE (__DTOR_END__, ABSOLUTE (.))
 *(.jcr)
                0x000000000000442c                . = ALIGN (0x4)

.rodata         0x000000000000442c        0x0
                0x000000000000442c                PROVIDE (__ram_rodata_start, ABSOLUTE (.))
                0x000000000000442c                . = ALIGN (0x4)
 *(.rodata .rodata.* .gnu.linkonce.r.*)
 *(.rodata1)
                0x000000000000442c                . = ALIGN (0x4)
                0x000000000000442c                PROVIDE (__ram_rodata_end, ABSOLUTE (.))
                0x000000000000442c                PROVIDE (__flash_rodata_start, LOADADDR (.rodata))

.rwdata         0x000000000000442c        0x4 load address 0x0000000000004430
                0x000000000000442c                PROVIDE (__ram_rwdata_start, ABSOLUTE (.))
                0x000000000000442c                . = ALIGN (0x4)
 *(.got.plt)
 *(.got)
 *(.data1)
 *(.data .data.* .gnu.linkonce.d.*)
 .data          0x000000000000442c        0x0 ../Calculator_Final_UQ_bsp//obj/HAL/src/crt0.o
 .data          0x000000000000442c        0x0 obj/default/hello_world_small.o
 .data          0x000000000000442c        0x0 c:/altera/14.1/nios2eds/bin/gnu/h-x86_64-mingw32/bin/../lib/gcc/nios2-elf/4.8.3\libgcc.a(lib2-divmod.o)
 .data          0x000000000000442c        0x0 ../Calculator_Final_UQ_bsp/\libhal_bsp.a(alt_load.o)
 .data          0x000000000000442c        0x0 ../Calculator_Final_UQ_bsp/\libhal_bsp.a(alt_main.o)
 .data          0x000000000000442c        0x0 ../Calculator_Final_UQ_bsp/\libhal_bsp.a(alt_sys_init.o)
 .data          0x000000000000442c        0x0 ../Calculator_Final_UQ_bsp/\libhal_bsp.a(alt_dcache_flush_all.o)
 .data          0x000000000000442c        0x0 ../Calculator_Final_UQ_bsp/\libhal_bsp.a(alt_icache_flush_all.o)
 .data          0x000000000000442c        0x0 ../Calculator_Final_UQ_bsp/\libhal_bsp.a(altera_nios2_gen2_irq.o)
 .data          0x000000000000442c        0x0 ../Calculator_Final_UQ_bsp/\libhal_bsp.a(alt_icache_flush.o)
                0x000000000000c42c                _gp = ABSOLUTE ((. + 0x8000))
                0x000000000000c42c                PROVIDE (gp, _gp)
 *(.rwdata .rwdata.*)
 *(.sdata .sdata.* .gnu.linkonce.s.*)
 .sdata         0x000000000000442c        0x4 ../Calculator_Final_UQ_bsp/\libhal_bsp.a(alt_sys_init.o)
                0x000000000000442c                jtag_uart_0
 *(.sdata2 .sdata2.* .gnu.linkonce.s2.*)
                0x0000000000004430                . = ALIGN (0x4)
                0x0000000000004430                _edata = ABSOLUTE (.)
                0x0000000000004430                PROVIDE (edata, ABSOLUTE (.))
                0x0000000000004430                PROVIDE (__ram_rwdata_end, ABSOLUTE (.))
                0x0000000000004430                PROVIDE (__flash_rwdata_start, LOADADDR (.rwdata))

.bss            0x0000000000004434        0xc
                0x0000000000004434                __bss_start = ABSOLUTE (.)
                0x0000000000004434                PROVIDE (__sbss_start, ABSOLUTE (.))
                0x0000000000004434                PROVIDE (___sbss_start, ABSOLUTE (.))
 *(.dynsbss)
 *(.sbss .sbss.* .gnu.linkonce.sb.*)
 .sbss          0x0000000000004434        0xc ../Calculator_Final_UQ_bsp/\libhal_bsp.a(alt_main.o)
                0x0000000000004434                alt_envp
                0x0000000000004438                alt_argv
                0x000000000000443c                alt_argc
 *(.sbss2 .sbss2.* .gnu.linkonce.sb2.*)
 *(.scommon)
                0x0000000000004440                PROVIDE (__sbss_end, ABSOLUTE (.))
                0x0000000000004440                PROVIDE (___sbss_end, ABSOLUTE (.))
 *(.dynbss)
 *(.bss .bss.* .gnu.linkonce.b.*)
 .bss           0x0000000000004440        0x0 ../Calculator_Final_UQ_bsp//obj/HAL/src/crt0.o
 .bss           0x0000000000004440        0x0 obj/default/hello_world_small.o
 .bss           0x0000000000004440        0x0 c:/altera/14.1/nios2eds/bin/gnu/h-x86_64-mingw32/bin/../lib/gcc/nios2-elf/4.8.3\libgcc.a(lib2-divmod.o)
 .bss           0x0000000000004440        0x0 ../Calculator_Final_UQ_bsp/\libhal_bsp.a(alt_load.o)
 .bss           0x0000000000004440        0x0 ../Calculator_Final_UQ_bsp/\libhal_bsp.a(alt_main.o)
 .bss           0x0000000000004440        0x0 ../Calculator_Final_UQ_bsp/\libhal_bsp.a(alt_sys_init.o)
 .bss           0x0000000000004440        0x0 ../Calculator_Final_UQ_bsp/\libhal_bsp.a(alt_dcache_flush_all.o)
 .bss           0x0000000000004440        0x0 ../Calculator_Final_UQ_bsp/\libhal_bsp.a(alt_icache_flush_all.o)
 .bss           0x0000000000004440        0x0 ../Calculator_Final_UQ_bsp/\libhal_bsp.a(altera_nios2_gen2_irq.o)
 .bss           0x0000000000004440        0x0 ../Calculator_Final_UQ_bsp/\libhal_bsp.a(alt_icache_flush.o)
 *(COMMON)
                0x0000000000004440                . = ALIGN (0x4)
                0x0000000000004440                __bss_end = ABSOLUTE (.)

.onchip_memory2_0
                0x0000000000004440        0x0
                0x0000000000004440                PROVIDE (_alt_partition_onchip_memory2_0_start, ABSOLUTE (.))
 *(.onchip_memory2_0 .onchip_memory2_0. onchip_memory2_0.*)
                0x0000000000004440                . = ALIGN (0x4)
                0x0000000000004440                PROVIDE (_alt_partition_onchip_memory2_0_end, ABSOLUTE (.))
                0x0000000000004440                _end = ABSOLUTE (.)
                0x0000000000004440                end = ABSOLUTE (.)
                0x0000000000004440                __alt_stack_base = ABSOLUTE (.)
                0x0000000000004440                PROVIDE (_alt_partition_onchip_memory2_0_load_addr, LOADADDR (.onchip_memory2_0))

.stab
 *(.stab)

.stabstr
 *(.stabstr)

.stab.excl
 *(.stab.excl)

.stab.exclstr
 *(.stab.exclstr)

.stab.index
 *(.stab.index)

.stab.indexstr
 *(.stab.indexstr)

.comment        0x0000000000000000       0x39
 *(.comment)
 .comment       0x0000000000000000       0x39 obj/default/hello_world_small.o
                                         0x3a (size before relaxing)
 .comment       0x0000000000000000       0x3a c:/altera/14.1/nios2eds/bin/gnu/h-x86_64-mingw32/bin/../lib/gcc/nios2-elf/4.8.3\libgcc.a(lib2-divmod.o)
 .comment       0x0000000000000000       0x3a ../Calculator_Final_UQ_bsp/\libhal_bsp.a(alt_load.o)
 .comment       0x0000000000000000       0x3a ../Calculator_Final_UQ_bsp/\libhal_bsp.a(alt_main.o)
 .comment       0x0000000000000000       0x3a ../Calculator_Final_UQ_bsp/\libhal_bsp.a(alt_sys_init.o)
 .comment       0x0000000000000000       0x3a ../Calculator_Final_UQ_bsp/\libhal_bsp.a(alt_dcache_flush_all.o)
 .comment       0x0000000000000000       0x3a ../Calculator_Final_UQ_bsp/\libhal_bsp.a(alt_icache_flush_all.o)
 .comment       0x0000000000000000       0x3a ../Calculator_Final_UQ_bsp/\libhal_bsp.a(altera_nios2_gen2_irq.o)
 .comment       0x0000000000000000       0x3a ../Calculator_Final_UQ_bsp/\libhal_bsp.a(alt_icache_flush.o)

.debug
 *(.debug)

.line
 *(.line)

.debug_srcinfo
 *(.debug_srcinfo)

.debug_sfnames
 *(.debug_sfnames)

.debug_aranges  0x0000000000000000      0x150
 *(.debug_aranges)
 .debug_aranges
                0x0000000000000000       0x28 ../Calculator_Final_UQ_bsp//obj/HAL/src/crt0.o
 .debug_aranges
                0x0000000000000028       0x28 obj/default/hello_world_small.o
 .debug_aranges
                0x0000000000000050       0x20 c:/altera/14.1/nios2eds/bin/gnu/h-x86_64-mingw32/bin/../lib/gcc/nios2-elf/4.8.3\libgcc.a(lib2-divmod.o)
 .debug_aranges
                0x0000000000000070       0x20 ../Calculator_Final_UQ_bsp/\libhal_bsp.a(alt_load.o)
 .debug_aranges
                0x0000000000000090       0x20 ../Calculator_Final_UQ_bsp/\libhal_bsp.a(alt_main.o)
 .debug_aranges
                0x00000000000000b0       0x20 ../Calculator_Final_UQ_bsp/\libhal_bsp.a(alt_sys_init.o)
 .debug_aranges
                0x00000000000000d0       0x20 ../Calculator_Final_UQ_bsp/\libhal_bsp.a(alt_dcache_flush_all.o)
 .debug_aranges
                0x00000000000000f0       0x20 ../Calculator_Final_UQ_bsp/\libhal_bsp.a(alt_icache_flush_all.o)
 .debug_aranges
                0x0000000000000110       0x20 ../Calculator_Final_UQ_bsp/\libhal_bsp.a(altera_nios2_gen2_irq.o)
 .debug_aranges
                0x0000000000000130       0x20 ../Calculator_Final_UQ_bsp/\libhal_bsp.a(alt_icache_flush.o)

.debug_pubnames
 *(.debug_pubnames)

.debug_info     0x0000000000000000      0xc49
 *(.debug_info .gnu.linkonce.wi.*)
 .debug_info    0x0000000000000000       0x8f ../Calculator_Final_UQ_bsp//obj/HAL/src/crt0.o
 .debug_info    0x000000000000008f      0x1bd obj/default/hello_world_small.o
 .debug_info    0x000000000000024c      0x270 c:/altera/14.1/nios2eds/bin/gnu/h-x86_64-mingw32/bin/../lib/gcc/nios2-elf/4.8.3\libgcc.a(lib2-divmod.o)
 .debug_info    0x00000000000004bc      0x1d2 ../Calculator_Final_UQ_bsp/\libhal_bsp.a(alt_load.o)
 .debug_info    0x000000000000068e      0x17b ../Calculator_Final_UQ_bsp/\libhal_bsp.a(alt_main.o)
 .debug_info    0x0000000000000809      0x17a ../Calculator_Final_UQ_bsp/\libhal_bsp.a(alt_sys_init.o)
 .debug_info    0x0000000000000983       0x9f ../Calculator_Final_UQ_bsp/\libhal_bsp.a(alt_dcache_flush_all.o)
 .debug_info    0x0000000000000a22       0xc5 ../Calculator_Final_UQ_bsp/\libhal_bsp.a(alt_icache_flush_all.o)
 .debug_info    0x0000000000000ae7       0x8b ../Calculator_Final_UQ_bsp/\libhal_bsp.a(altera_nios2_gen2_irq.o)
 .debug_info    0x0000000000000b72       0xd7 ../Calculator_Final_UQ_bsp/\libhal_bsp.a(alt_icache_flush.o)

.debug_abbrev   0x0000000000000000      0x6ca
 *(.debug_abbrev)
 .debug_abbrev  0x0000000000000000       0x12 ../Calculator_Final_UQ_bsp//obj/HAL/src/crt0.o
 .debug_abbrev  0x0000000000000012       0xfb obj/default/hello_world_small.o
 .debug_abbrev  0x000000000000010d       0xf6 c:/altera/14.1/nios2eds/bin/gnu/h-x86_64-mingw32/bin/../lib/gcc/nios2-elf/4.8.3\libgcc.a(lib2-divmod.o)
 .debug_abbrev  0x0000000000000203       0xe1 ../Calculator_Final_UQ_bsp/\libhal_bsp.a(alt_load.o)
 .debug_abbrev  0x00000000000002e4      0x120 ../Calculator_Final_UQ_bsp/\libhal_bsp.a(alt_main.o)
 .debug_abbrev  0x0000000000000404      0x105 ../Calculator_Final_UQ_bsp/\libhal_bsp.a(alt_sys_init.o)
 .debug_abbrev  0x0000000000000509       0x5a ../Calculator_Final_UQ_bsp/\libhal_bsp.a(alt_dcache_flush_all.o)
 .debug_abbrev  0x0000000000000563       0x8a ../Calculator_Final_UQ_bsp/\libhal_bsp.a(alt_icache_flush_all.o)
 .debug_abbrev  0x00000000000005ed       0x42 ../Calculator_Final_UQ_bsp/\libhal_bsp.a(altera_nios2_gen2_irq.o)
 .debug_abbrev  0x000000000000062f       0x9b ../Calculator_Final_UQ_bsp/\libhal_bsp.a(alt_icache_flush.o)

.debug_line     0x0000000000000000      0x604
 *(.debug_line)
 .debug_line    0x0000000000000000       0x72 ../Calculator_Final_UQ_bsp//obj/HAL/src/crt0.o
 .debug_line    0x0000000000000072       0xb5 obj/default/hello_world_small.o
 .debug_line    0x0000000000000127       0xcb c:/altera/14.1/nios2eds/bin/gnu/h-x86_64-mingw32/bin/../lib/gcc/nios2-elf/4.8.3\libgcc.a(lib2-divmod.o)
 .debug_line    0x00000000000001f2       0xa6 ../Calculator_Final_UQ_bsp/\libhal_bsp.a(alt_load.o)
 .debug_line    0x0000000000000298       0xbd ../Calculator_Final_UQ_bsp/\libhal_bsp.a(alt_main.o)
 .debug_line    0x0000000000000355      0x101 ../Calculator_Final_UQ_bsp/\libhal_bsp.a(alt_sys_init.o)
 .debug_line    0x0000000000000456       0x5a ../Calculator_Final_UQ_bsp/\libhal_bsp.a(alt_dcache_flush_all.o)
 .debug_line    0x00000000000004b0       0x87 ../Calculator_Final_UQ_bsp/\libhal_bsp.a(alt_icache_flush_all.o)
 .debug_line    0x0000000000000537       0x50 ../Calculator_Final_UQ_bsp/\libhal_bsp.a(altera_nios2_gen2_irq.o)
 .debug_line    0x0000000000000587       0x7d ../Calculator_Final_UQ_bsp/\libhal_bsp.a(alt_icache_flush.o)

.debug_frame    0x0000000000000000      0x1f0
 *(.debug_frame)
 .debug_frame   0x0000000000000000       0x58 obj/default/hello_world_small.o
 .debug_frame   0x0000000000000058       0x80 c:/altera/14.1/nios2eds/bin/gnu/h-x86_64-mingw32/bin/../lib/gcc/nios2-elf/4.8.3\libgcc.a(lib2-divmod.o)
 .debug_frame   0x00000000000000d8       0x30 ../Calculator_Final_UQ_bsp/\libhal_bsp.a(alt_load.o)
 .debug_frame   0x0000000000000108       0x2c ../Calculator_Final_UQ_bsp/\libhal_bsp.a(alt_main.o)
 .debug_frame   0x0000000000000134       0x3c ../Calculator_Final_UQ_bsp/\libhal_bsp.a(alt_sys_init.o)
 .debug_frame   0x0000000000000170       0x20 ../Calculator_Final_UQ_bsp/\libhal_bsp.a(alt_dcache_flush_all.o)
 .debug_frame   0x0000000000000190       0x20 ../Calculator_Final_UQ_bsp/\libhal_bsp.a(alt_icache_flush_all.o)
 .debug_frame   0x00000000000001b0       0x20 ../Calculator_Final_UQ_bsp/\libhal_bsp.a(altera_nios2_gen2_irq.o)
 .debug_frame   0x00000000000001d0       0x20 ../Calculator_Final_UQ_bsp/\libhal_bsp.a(alt_icache_flush.o)

.debug_str      0x0000000000000000      0x62b
 *(.debug_str)
 .debug_str     0x0000000000000000      0x16b obj/default/hello_world_small.o
                                        0x1b0 (size before relaxing)
 .debug_str     0x000000000000016b      0x17f c:/altera/14.1/nios2eds/bin/gnu/h-x86_64-mingw32/bin/../lib/gcc/nios2-elf/4.8.3\libgcc.a(lib2-divmod.o)
                                        0x1ca (size before relaxing)
 .debug_str     0x00000000000002ea      0x176 ../Calculator_Final_UQ_bsp/\libhal_bsp.a(alt_load.o)
                                        0x253 (size before relaxing)
 .debug_str     0x0000000000000460       0x8f ../Calculator_Final_UQ_bsp/\libhal_bsp.a(alt_main.o)
                                        0x1cc (size before relaxing)
 .debug_str     0x00000000000004ef       0xb2 ../Calculator_Final_UQ_bsp/\libhal_bsp.a(alt_sys_init.o)
                                        0x23d (size before relaxing)
 .debug_str     0x00000000000005a1       0x1f ../Calculator_Final_UQ_bsp/\libhal_bsp.a(alt_dcache_flush_all.o)
                                        0x16c (size before relaxing)
 .debug_str     0x00000000000005c0       0x30 ../Calculator_Final_UQ_bsp/\libhal_bsp.a(alt_icache_flush_all.o)
                                        0x185 (size before relaxing)
 .debug_str     0x00000000000005f0       0x20 ../Calculator_Final_UQ_bsp/\libhal_bsp.a(altera_nios2_gen2_irq.o)
                                        0x173 (size before relaxing)
 .debug_str     0x0000000000000610       0x1b ../Calculator_Final_UQ_bsp/\libhal_bsp.a(alt_icache_flush.o)
                                        0x172 (size before relaxing)

.debug_loc      0x0000000000000000      0x52d
 *(.debug_loc)
 .debug_loc     0x0000000000000000      0x137 obj/default/hello_world_small.o
 .debug_loc     0x0000000000000137      0x2d7 c:/altera/14.1/nios2eds/bin/gnu/h-x86_64-mingw32/bin/../lib/gcc/nios2-elf/4.8.3\libgcc.a(lib2-divmod.o)
 .debug_loc     0x000000000000040e       0x8d ../Calculator_Final_UQ_bsp/\libhal_bsp.a(alt_load.o)
 .debug_loc     0x000000000000049b       0x21 ../Calculator_Final_UQ_bsp/\libhal_bsp.a(alt_sys_init.o)
 .debug_loc     0x00000000000004bc       0x1f ../Calculator_Final_UQ_bsp/\libhal_bsp.a(alt_dcache_flush_all.o)
 .debug_loc     0x00000000000004db       0x52 ../Calculator_Final_UQ_bsp/\libhal_bsp.a(alt_icache_flush.o)

.debug_macinfo
 *(.debug_macinfo)

.debug_weaknames
 *(.debug_weaknames)

.debug_funcnames
 *(.debug_funcnames)

.debug_typenames
 *(.debug_typenames)

.debug_varnames
 *(.debug_varnames)

.debug_alt_sim_info
                0x0000000000000000       0x30
 *(.debug_alt_sim_info)
 .debug_alt_sim_info
                0x0000000000000000       0x30 ../Calculator_Final_UQ_bsp//obj/HAL/src/crt0.o
                0x0000000000008000                __alt_data_end = 0x8000
                0x0000000000008000                PROVIDE (__alt_stack_pointer, __alt_data_end)
                0x0000000000004440                PROVIDE (__alt_stack_limit, __alt_stack_base)
                0x0000000000004440                PROVIDE (__alt_heap_start, end)
                0x0000000000008000                PROVIDE (__alt_heap_limit, 0x8000)
OUTPUT(Calculator_Final_UQ.elf elf32-littlenios2)

.debug_ranges   0x0000000000000000       0x90
 .debug_ranges  0x0000000000000000       0x20 ../Calculator_Final_UQ_bsp//obj/HAL/src/crt0.o
 .debug_ranges  0x0000000000000020       0x18 obj/default/hello_world_small.o
 .debug_ranges  0x0000000000000038       0x48 ../Calculator_Final_UQ_bsp/\libhal_bsp.a(alt_load.o)
 .debug_ranges  0x0000000000000080       0x10 ../Calculator_Final_UQ_bsp/\libhal_bsp.a(alt_icache_flush.o)
