Archive member included to satisfy reference by file (symbol)

../calc_2_bsp/\libhal_bsp.a(alt_load.o)
                              ../calc_2_bsp//obj/HAL/src/crt0.o (alt_load)
../calc_2_bsp/\libhal_bsp.a(alt_main.o)
                              ../calc_2_bsp//obj/HAL/src/crt0.o (alt_main)
../calc_2_bsp/\libhal_bsp.a(alt_putstr.o)
                              obj/default/hello_world_small.o (alt_putstr)
../calc_2_bsp/\libhal_bsp.a(alt_sys_init.o)
                              ../calc_2_bsp/\libhal_bsp.a(alt_main.o) (alt_irq_init)
../calc_2_bsp/\libhal_bsp.a(altera_avalon_jtag_uart_write.o)
                              ../calc_2_bsp/\libhal_bsp.a(alt_putstr.o) (altera_avalon_jtag_uart_write)
../calc_2_bsp/\libhal_bsp.a(alt_dcache_flush_all.o)
                              ../calc_2_bsp/\libhal_bsp.a(alt_load.o) (alt_dcache_flush_all)
../calc_2_bsp/\libhal_bsp.a(alt_icache_flush_all.o)
                              ../calc_2_bsp/\libhal_bsp.a(alt_load.o) (alt_icache_flush_all)
../calc_2_bsp/\libhal_bsp.a(altera_nios2_gen2_irq.o)
                              ../calc_2_bsp/\libhal_bsp.a(alt_sys_init.o) (altera_nios2_gen2_irq_init)
../calc_2_bsp/\libhal_bsp.a(alt_icache_flush.o)
                              ../calc_2_bsp/\libhal_bsp.a(alt_icache_flush_all.o) (alt_icache_flush)
c:/altera/14.1/nios2eds/bin/gnu/h-x86_64-mingw32/bin/../lib/gcc/nios2-elf/4.8.3/../../../../../H-x86_64-mingw32/nios2-elf/lib\libsmallc.a(lib_a-strlen.o)
                              ../calc_2_bsp/\libhal_bsp.a(alt_putstr.o) (strlen)

Memory Configuration

Name             Origin             Length             Attributes
reset            0x0000000000004000 0x0000000000000020
onchip_memory2_0 0x0000000000004020 0x0000000000003fe0
*default*        0x0000000000000000 0xffffffffffffffff

Linker script and memory map

LOAD ../calc_2_bsp//obj/HAL/src/crt0.o
LOAD obj/default/hello_world_small.o
LOAD c:/altera/14.1/nios2eds/bin/gnu/h-x86_64-mingw32/bin/../lib/gcc/nios2-elf/4.8.3/../../../../../H-x86_64-mingw32/nios2-elf/lib\libstdc++.a
LOAD c:/altera/14.1/nios2eds/bin/gnu/h-x86_64-mingw32/bin/../lib/gcc/nios2-elf/4.8.3/../../../../../H-x86_64-mingw32/nios2-elf/lib\libm.a
LOAD c:/altera/14.1/nios2eds/bin/gnu/h-x86_64-mingw32/bin/../lib/gcc/nios2-elf/4.8.3\libgcc.a
START GROUP
LOAD c:/altera/14.1/nios2eds/bin/gnu/h-x86_64-mingw32/bin/../lib/gcc/nios2-elf/4.8.3/../../../../../H-x86_64-mingw32/nios2-elf/lib\libsmallc.a
LOAD c:/altera/14.1/nios2eds/bin/gnu/h-x86_64-mingw32/bin/../lib/gcc/nios2-elf/4.8.3\libgcc.a
LOAD ../calc_2_bsp/\libhal_bsp.a
END GROUP
LOAD c:/altera/14.1/nios2eds/bin/gnu/h-x86_64-mingw32/bin/../lib/gcc/nios2-elf/4.8.3\libgcc.a
                0x0000000000004000                __alt_mem_onchip_memory2_0 = 0x4000

.entry          0x0000000000004000       0x20
 *(.entry)
 .entry         0x0000000000004000       0x20 ../calc_2_bsp//obj/HAL/src/crt0.o
                0x0000000000004000                __reset
                0x000000000000401c                _exit

.exceptions     0x0000000000004020        0x0
                0x0000000000004020                PROVIDE (__ram_exceptions_start, ABSOLUTE (.))
                0x0000000000004020                . = ALIGN (0x20)
 *(.irq)
 *(.exceptions.entry.label)
 *(.exceptions.entry.user)
 *(.exceptions.entry.ecc_fatal)
 *(.exceptions.entry)
 *(.exceptions.irqtest.user)
 *(.exceptions.irqtest)
 *(.exceptions.irqhandler.user)
 *(.exceptions.irqhandler)
 *(.exceptions.irqreturn.user)
 *(.exceptions.irqreturn)
 *(.exceptions.notirq.label)
 *(.exceptions.notirq.user)
 *(.exceptions.notirq)
 *(.exceptions.soft.user)
 *(.exceptions.soft)
 *(.exceptions.unknown.user)
 *(.exceptions.unknown)
 *(.exceptions.exit.label)
 *(.exceptions.exit.user)
 *(.exceptions.exit)
 *(.exceptions)
                0x0000000000004020                PROVIDE (__ram_exceptions_end, ABSOLUTE (.))
                0x0000000000004020                PROVIDE (__flash_exceptions_start, LOADADDR (.exceptions))

.text           0x0000000000004020      0x298
                0x0000000000004020                PROVIDE (stext, ABSOLUTE (.))
 *(.interp)
 *(.hash)
 *(.dynsym)
 *(.dynstr)
 *(.gnu.version)
 *(.gnu.version_d)
 *(.gnu.version_r)
 *(.rel.init)
 *(.rela.init)
 *(.rel.text .rel.text.* .rel.gnu.linkonce.t.*)
 *(.rela.text .rela.text.* .rela.gnu.linkonce.t.*)
 *(.rel.fini)
 *(.rela.fini)
 *(.rel.rodata .rel.rodata.* .rel.gnu.linkonce.r.*)
 *(.rela.rodata .rela.rodata.* .rela.gnu.linkonce.r.*)
 *(.rel.data .rel.data.* .rel.gnu.linkonce.d.*)
 *(.rela.data .rela.data.* .rela.gnu.linkonce.d.*)
 *(.rel.tdata .rel.tdata.* .rel.gnu.linkonce.td.*)
 *(.rela.tdata .rela.tdata.* .rela.gnu.linkonce.td.*)
 *(.rel.tbss .rel.tbss.* .rel.gnu.linkonce.tb.*)
 *(.rela.tbss .rela.tbss.* .rela.gnu.linkonce.tb.*)
 *(.rel.ctors)
 *(.rela.ctors)
 *(.rel.dtors)
 *(.rela.dtors)
 *(.rel.got)
 *(.rela.got)
 *(.rel.sdata .rel.sdata.* .rel.gnu.linkonce.s.*)
 *(.rela.sdata .rela.sdata.* .rela.gnu.linkonce.s.*)
 *(.rel.sbss .rel.sbss.* .rel.gnu.linkonce.sb.*)
 *(.rela.sbss .rela.sbss.* .rela.gnu.linkonce.sb.*)
 *(.rel.sdata2 .rel.sdata2.* .rel.gnu.linkonce.s2.*)
 *(.rela.sdata2 .rela.sdata2.* .rela.gnu.linkonce.s2.*)
 *(.rel.sbss2 .rel.sbss2.* .rel.gnu.linkonce.sb2.*)
 *(.rela.sbss2 .rela.sbss2.* .rela.gnu.linkonce.sb2.*)
 *(.rel.bss .rel.bss.* .rel.gnu.linkonce.b.*)
 *(.rela.bss .rela.bss.* .rela.gnu.linkonce.b.*)
 *(.rel.plt)
 *(.rela.plt)
 *(.rel.dyn)
 *(.init)
 *(.plt)
 *(.text .stub .text.* .gnu.linkonce.t.*)
 .text          0x0000000000004020       0x4c ../calc_2_bsp//obj/HAL/src/crt0.o
                0x0000000000004020                _start
 .text          0x000000000000406c        0x0 obj/default/hello_world_small.o
 .text.startup  0x000000000000406c       0x18 obj/default/hello_world_small.o
                0x000000000000406c                main
 .text          0x0000000000004084       0xf8 ../calc_2_bsp/\libhal_bsp.a(alt_load.o)
                0x0000000000004084                alt_load
 .text          0x000000000000417c       0x2c ../calc_2_bsp/\libhal_bsp.a(alt_main.o)
                0x000000000000417c                alt_main
 .text          0x00000000000041a8       0x38 ../calc_2_bsp/\libhal_bsp.a(alt_putstr.o)
                0x00000000000041a8                alt_putstr
 .text          0x00000000000041e0       0x24 ../calc_2_bsp/\libhal_bsp.a(alt_sys_init.o)
                0x00000000000041e0                alt_irq_init
                0x0000000000004200                alt_sys_init
 .text          0x0000000000004204       0x34 ../calc_2_bsp/\libhal_bsp.a(altera_avalon_jtag_uart_write.o)
                0x0000000000004204                altera_avalon_jtag_uart_write
 .text          0x0000000000004238       0x18 ../calc_2_bsp/\libhal_bsp.a(alt_dcache_flush_all.o)
                0x0000000000004238                alt_dcache_flush_all
 .text          0x0000000000004250        0xc ../calc_2_bsp/\libhal_bsp.a(alt_icache_flush_all.o)
                0x0000000000004250                alt_icache_flush_all
 .text          0x000000000000425c        0x8 ../calc_2_bsp/\libhal_bsp.a(altera_nios2_gen2_irq.o)
                0x000000000000425c                altera_nios2_gen2_irq_init
 .text          0x0000000000004264       0x38 ../calc_2_bsp/\libhal_bsp.a(alt_icache_flush.o)
                0x0000000000004264                alt_icache_flush
 .text          0x000000000000429c       0x1c c:/altera/14.1/nios2eds/bin/gnu/h-x86_64-mingw32/bin/../lib/gcc/nios2-elf/4.8.3/../../../../../H-x86_64-mingw32/nios2-elf/lib\libsmallc.a(lib_a-strlen.o)
                0x000000000000429c                strlen
 *(.gnu.warning.*)
 *(.fini)
                0x00000000000042b8                PROVIDE (__etext, ABSOLUTE (.))
                0x00000000000042b8                PROVIDE (_etext, ABSOLUTE (.))
                0x00000000000042b8                PROVIDE (etext, ABSOLUTE (.))
 *(.eh_frame_hdr)
                0x00000000000042b8                . = ALIGN (0x4)
                0x00000000000042b8                PROVIDE (__preinit_array_start, ABSOLUTE (.))
 *(.preinit_array)
                0x00000000000042b8                PROVIDE (__preinit_array_end, ABSOLUTE (.))
                0x00000000000042b8                PROVIDE (__init_array_start, ABSOLUTE (.))
 *(.init_array)
                0x00000000000042b8                PROVIDE (__init_array_end, ABSOLUTE (.))
                0x00000000000042b8                PROVIDE (__fini_array_start, ABSOLUTE (.))
 *(.fini_array)
                0x00000000000042b8                PROVIDE (__fini_array_end, ABSOLUTE (.))
 *(.eh_frame)
 *(.gcc_except_table .gcc_except_table.*)
 *(.dynamic)
                0x00000000000042b8                PROVIDE (__CTOR_LIST__, ABSOLUTE (.))
 *(.ctors)
 *(SORT(.ctors.*))
                0x00000000000042b8                PROVIDE (__CTOR_END__, ABSOLUTE (.))
                0x00000000000042b8                PROVIDE (__DTOR_LIST__, ABSOLUTE (.))
 *(.dtors)
 *(SORT(.dtors.*))
                0x00000000000042b8                PROVIDE (__DTOR_END__, ABSOLUTE (.))
 *(.jcr)
                0x00000000000042b8                . = ALIGN (0x4)

.rodata         0x00000000000042b8       0x18
                0x00000000000042b8                PROVIDE (__ram_rodata_start, ABSOLUTE (.))
                0x00000000000042b8                . = ALIGN (0x4)
 *(.rodata .rodata.* .gnu.linkonce.r.*)
 .rodata.str1.4
                0x00000000000042b8       0x18 obj/default/hello_world_small.o
 *(.rodata1)
                0x00000000000042d0                . = ALIGN (0x4)
                0x00000000000042d0                PROVIDE (__ram_rodata_end, ABSOLUTE (.))
                0x00000000000042b8                PROVIDE (__flash_rodata_start, LOADADDR (.rodata))

.rwdata         0x00000000000042d0        0x4 load address 0x00000000000042d4
                0x00000000000042d0                PROVIDE (__ram_rwdata_start, ABSOLUTE (.))
                0x00000000000042d0                . = ALIGN (0x4)
 *(.got.plt)
 *(.got)
 *(.data1)
 *(.data .data.* .gnu.linkonce.d.*)
 .data          0x00000000000042d0        0x0 ../calc_2_bsp//obj/HAL/src/crt0.o
 .data          0x00000000000042d0        0x0 obj/default/hello_world_small.o
 .data          0x00000000000042d0        0x0 ../calc_2_bsp/\libhal_bsp.a(alt_load.o)
 .data          0x00000000000042d0        0x0 ../calc_2_bsp/\libhal_bsp.a(alt_main.o)
 .data          0x00000000000042d0        0x0 ../calc_2_bsp/\libhal_bsp.a(alt_putstr.o)
 .data          0x00000000000042d0        0x0 ../calc_2_bsp/\libhal_bsp.a(alt_sys_init.o)
 .data          0x00000000000042d0        0x0 ../calc_2_bsp/\libhal_bsp.a(altera_avalon_jtag_uart_write.o)
 .data          0x00000000000042d0        0x0 ../calc_2_bsp/\libhal_bsp.a(alt_dcache_flush_all.o)
 .data          0x00000000000042d0        0x0 ../calc_2_bsp/\libhal_bsp.a(alt_icache_flush_all.o)
 .data          0x00000000000042d0        0x0 ../calc_2_bsp/\libhal_bsp.a(altera_nios2_gen2_irq.o)
 .data          0x00000000000042d0        0x0 ../calc_2_bsp/\libhal_bsp.a(alt_icache_flush.o)
 .data          0x00000000000042d0        0x0 c:/altera/14.1/nios2eds/bin/gnu/h-x86_64-mingw32/bin/../lib/gcc/nios2-elf/4.8.3/../../../../../H-x86_64-mingw32/nios2-elf/lib\libsmallc.a(lib_a-strlen.o)
                0x000000000000c2d0                _gp = ABSOLUTE ((. + 0x8000))
                0x000000000000c2d0                PROVIDE (gp, _gp)
 *(.rwdata .rwdata.*)
 *(.sdata .sdata.* .gnu.linkonce.s.*)
 .sdata         0x00000000000042d0        0x4 ../calc_2_bsp/\libhal_bsp.a(alt_sys_init.o)
                0x00000000000042d0                jtag_uart_0
 *(.sdata2 .sdata2.* .gnu.linkonce.s2.*)
                0x00000000000042d4                . = ALIGN (0x4)
                0x00000000000042d4                _edata = ABSOLUTE (.)
                0x00000000000042d4                PROVIDE (edata, ABSOLUTE (.))
                0x00000000000042d4                PROVIDE (__ram_rwdata_end, ABSOLUTE (.))
                0x00000000000042d4                PROVIDE (__flash_rwdata_start, LOADADDR (.rwdata))

.bss            0x00000000000042d8        0xc
                0x00000000000042d8                __bss_start = ABSOLUTE (.)
                0x00000000000042d8                PROVIDE (__sbss_start, ABSOLUTE (.))
                0x00000000000042d8                PROVIDE (___sbss_start, ABSOLUTE (.))
 *(.dynsbss)
 *(.sbss .sbss.* .gnu.linkonce.sb.*)
 .sbss          0x00000000000042d8        0xc ../calc_2_bsp/\libhal_bsp.a(alt_main.o)
                0x00000000000042d8                alt_envp
                0x00000000000042dc                alt_argv
                0x00000000000042e0                alt_argc
 *(.sbss2 .sbss2.* .gnu.linkonce.sb2.*)
 *(.scommon)
                0x00000000000042e4                PROVIDE (__sbss_end, ABSOLUTE (.))
                0x00000000000042e4                PROVIDE (___sbss_end, ABSOLUTE (.))
 *(.dynbss)
 *(.bss .bss.* .gnu.linkonce.b.*)
 .bss           0x00000000000042e4        0x0 ../calc_2_bsp//obj/HAL/src/crt0.o
 .bss           0x00000000000042e4        0x0 obj/default/hello_world_small.o
 .bss           0x00000000000042e4        0x0 ../calc_2_bsp/\libhal_bsp.a(alt_load.o)
 .bss           0x00000000000042e4        0x0 ../calc_2_bsp/\libhal_bsp.a(alt_main.o)
 .bss           0x00000000000042e4        0x0 ../calc_2_bsp/\libhal_bsp.a(alt_putstr.o)
 .bss           0x00000000000042e4        0x0 ../calc_2_bsp/\libhal_bsp.a(alt_sys_init.o)
 .bss           0x00000000000042e4        0x0 ../calc_2_bsp/\libhal_bsp.a(altera_avalon_jtag_uart_write.o)
 .bss           0x00000000000042e4        0x0 ../calc_2_bsp/\libhal_bsp.a(alt_dcache_flush_all.o)
 .bss           0x00000000000042e4        0x0 ../calc_2_bsp/\libhal_bsp.a(alt_icache_flush_all.o)
 .bss           0x00000000000042e4        0x0 ../calc_2_bsp/\libhal_bsp.a(altera_nios2_gen2_irq.o)
 .bss           0x00000000000042e4        0x0 ../calc_2_bsp/\libhal_bsp.a(alt_icache_flush.o)
 .bss           0x00000000000042e4        0x0 c:/altera/14.1/nios2eds/bin/gnu/h-x86_64-mingw32/bin/../lib/gcc/nios2-elf/4.8.3/../../../../../H-x86_64-mingw32/nios2-elf/lib\libsmallc.a(lib_a-strlen.o)
 *(COMMON)
                0x00000000000042e4                . = ALIGN (0x4)
                0x00000000000042e4                __bss_end = ABSOLUTE (.)

.onchip_memory2_0
                0x00000000000042e4        0x0
                0x00000000000042e4                PROVIDE (_alt_partition_onchip_memory2_0_start, ABSOLUTE (.))
 *(.onchip_memory2_0 .onchip_memory2_0. onchip_memory2_0.*)
                0x00000000000042e4                . = ALIGN (0x4)
                0x00000000000042e4                PROVIDE (_alt_partition_onchip_memory2_0_end, ABSOLUTE (.))
                0x00000000000042e4                _end = ABSOLUTE (.)
                0x00000000000042e4                end = ABSOLUTE (.)
                0x00000000000042e4                __alt_stack_base = ABSOLUTE (.)
                0x00000000000042e4                PROVIDE (_alt_partition_onchip_memory2_0_load_addr, LOADADDR (.onchip_memory2_0))

.stab
 *(.stab)

.stabstr
 *(.stabstr)

.stab.excl
 *(.stab.excl)

.stab.exclstr
 *(.stab.exclstr)

.stab.index
 *(.stab.index)

.stab.indexstr
 *(.stab.indexstr)

.comment        0x0000000000000000       0x39
 *(.comment)
 .comment       0x0000000000000000       0x39 obj/default/hello_world_small.o
                                         0x3a (size before relaxing)
 .comment       0x0000000000000000       0x3a ../calc_2_bsp/\libhal_bsp.a(alt_load.o)
 .comment       0x0000000000000000       0x3a ../calc_2_bsp/\libhal_bsp.a(alt_main.o)
 .comment       0x0000000000000000       0x3a ../calc_2_bsp/\libhal_bsp.a(alt_putstr.o)
 .comment       0x0000000000000000       0x3a ../calc_2_bsp/\libhal_bsp.a(alt_sys_init.o)
 .comment       0x0000000000000000       0x3a ../calc_2_bsp/\libhal_bsp.a(altera_avalon_jtag_uart_write.o)
 .comment       0x0000000000000000       0x3a ../calc_2_bsp/\libhal_bsp.a(alt_dcache_flush_all.o)
 .comment       0x0000000000000000       0x3a ../calc_2_bsp/\libhal_bsp.a(alt_icache_flush_all.o)
 .comment       0x0000000000000000       0x3a ../calc_2_bsp/\libhal_bsp.a(altera_nios2_gen2_irq.o)
 .comment       0x0000000000000000       0x3a ../calc_2_bsp/\libhal_bsp.a(alt_icache_flush.o)
 .comment       0x0000000000000000       0x3a c:/altera/14.1/nios2eds/bin/gnu/h-x86_64-mingw32/bin/../lib/gcc/nios2-elf/4.8.3/../../../../../H-x86_64-mingw32/nios2-elf/lib\libsmallc.a(lib_a-strlen.o)

.debug
 *(.debug)

.line
 *(.line)

.debug_srcinfo
 *(.debug_srcinfo)

.debug_sfnames
 *(.debug_sfnames)

.debug_aranges  0x0000000000000000      0x188
 *(.debug_aranges)
 .debug_aranges
                0x0000000000000000       0x28 ../calc_2_bsp//obj/HAL/src/crt0.o
 .debug_aranges
                0x0000000000000028       0x20 obj/default/hello_world_small.o
 .debug_aranges
                0x0000000000000048       0x20 ../calc_2_bsp/\libhal_bsp.a(alt_load.o)
 .debug_aranges
                0x0000000000000068       0x20 ../calc_2_bsp/\libhal_bsp.a(alt_main.o)
 .debug_aranges
                0x0000000000000088       0x20 ../calc_2_bsp/\libhal_bsp.a(alt_putstr.o)
 .debug_aranges
                0x00000000000000a8       0x20 ../calc_2_bsp/\libhal_bsp.a(alt_sys_init.o)
 .debug_aranges
                0x00000000000000c8       0x20 ../calc_2_bsp/\libhal_bsp.a(altera_avalon_jtag_uart_write.o)
 .debug_aranges
                0x00000000000000e8       0x20 ../calc_2_bsp/\libhal_bsp.a(alt_dcache_flush_all.o)
 .debug_aranges
                0x0000000000000108       0x20 ../calc_2_bsp/\libhal_bsp.a(alt_icache_flush_all.o)
 .debug_aranges
                0x0000000000000128       0x20 ../calc_2_bsp/\libhal_bsp.a(altera_nios2_gen2_irq.o)
 .debug_aranges
                0x0000000000000148       0x20 ../calc_2_bsp/\libhal_bsp.a(alt_icache_flush.o)
 .debug_aranges
                0x0000000000000168       0x20 c:/altera/14.1/nios2eds/bin/gnu/h-x86_64-mingw32/bin/../lib/gcc/nios2-elf/4.8.3/../../../../../H-x86_64-mingw32/nios2-elf/lib\libsmallc.a(lib_a-strlen.o)

.debug_pubnames
 *(.debug_pubnames)

.debug_info     0x0000000000000000      0xc19
 *(.debug_info .gnu.linkonce.wi.*)
 .debug_info    0x0000000000000000       0x5c ../calc_2_bsp//obj/HAL/src/crt0.o
 .debug_info    0x000000000000005c       0x81 obj/default/hello_world_small.o
 .debug_info    0x00000000000000dd      0x1d2 ../calc_2_bsp/\libhal_bsp.a(alt_load.o)
 .debug_info    0x00000000000002af      0x17b ../calc_2_bsp/\libhal_bsp.a(alt_main.o)
 .debug_info    0x000000000000042a      0x15d ../calc_2_bsp/\libhal_bsp.a(alt_putstr.o)
 .debug_info    0x0000000000000587      0x17a ../calc_2_bsp/\libhal_bsp.a(alt_sys_init.o)
 .debug_info    0x0000000000000701      0x190 ../calc_2_bsp/\libhal_bsp.a(altera_avalon_jtag_uart_write.o)
 .debug_info    0x0000000000000891       0x9f ../calc_2_bsp/\libhal_bsp.a(alt_dcache_flush_all.o)
 .debug_info    0x0000000000000930       0xc5 ../calc_2_bsp/\libhal_bsp.a(alt_icache_flush_all.o)
 .debug_info    0x00000000000009f5       0x8b ../calc_2_bsp/\libhal_bsp.a(altera_nios2_gen2_irq.o)
 .debug_info    0x0000000000000a80       0xd7 ../calc_2_bsp/\libhal_bsp.a(alt_icache_flush.o)
 .debug_info    0x0000000000000b57       0xc2 c:/altera/14.1/nios2eds/bin/gnu/h-x86_64-mingw32/bin/../lib/gcc/nios2-elf/4.8.3/../../../../../H-x86_64-mingw32/nios2-elf/lib\libsmallc.a(lib_a-strlen.o)

.debug_abbrev   0x0000000000000000      0x796
 *(.debug_abbrev)
 .debug_abbrev  0x0000000000000000       0x12 ../calc_2_bsp//obj/HAL/src/crt0.o
 .debug_abbrev  0x0000000000000012       0x87 obj/default/hello_world_small.o
 .debug_abbrev  0x0000000000000099       0xe1 ../calc_2_bsp/\libhal_bsp.a(alt_load.o)
 .debug_abbrev  0x000000000000017a      0x120 ../calc_2_bsp/\libhal_bsp.a(alt_main.o)
 .debug_abbrev  0x000000000000029a       0xe2 ../calc_2_bsp/\libhal_bsp.a(alt_putstr.o)
 .debug_abbrev  0x000000000000037c      0x105 ../calc_2_bsp/\libhal_bsp.a(alt_sys_init.o)
 .debug_abbrev  0x0000000000000481       0xd5 ../calc_2_bsp/\libhal_bsp.a(altera_avalon_jtag_uart_write.o)
 .debug_abbrev  0x0000000000000556       0x5a ../calc_2_bsp/\libhal_bsp.a(alt_dcache_flush_all.o)
 .debug_abbrev  0x00000000000005b0       0x8a ../calc_2_bsp/\libhal_bsp.a(alt_icache_flush_all.o)
 .debug_abbrev  0x000000000000063a       0x42 ../calc_2_bsp/\libhal_bsp.a(altera_nios2_gen2_irq.o)
 .debug_abbrev  0x000000000000067c       0x9b ../calc_2_bsp/\libhal_bsp.a(alt_icache_flush.o)
 .debug_abbrev  0x0000000000000717       0x7f c:/altera/14.1/nios2eds/bin/gnu/h-x86_64-mingw32/bin/../lib/gcc/nios2-elf/4.8.3/../../../../../H-x86_64-mingw32/nios2-elf/lib\libsmallc.a(lib_a-strlen.o)

.debug_line     0x0000000000000000      0x852
 *(.debug_line)
 .debug_line    0x0000000000000000       0x72 ../calc_2_bsp//obj/HAL/src/crt0.o
 .debug_line    0x0000000000000072       0x71 obj/default/hello_world_small.o
 .debug_line    0x00000000000000e3       0xa6 ../calc_2_bsp/\libhal_bsp.a(alt_load.o)
 .debug_line    0x0000000000000189       0xbd ../calc_2_bsp/\libhal_bsp.a(alt_main.o)
 .debug_line    0x0000000000000246       0xf5 ../calc_2_bsp/\libhal_bsp.a(alt_putstr.o)
 .debug_line    0x000000000000033b      0x101 ../calc_2_bsp/\libhal_bsp.a(alt_sys_init.o)
 .debug_line    0x000000000000043c       0xf4 ../calc_2_bsp/\libhal_bsp.a(altera_avalon_jtag_uart_write.o)
 .debug_line    0x0000000000000530       0x5a ../calc_2_bsp/\libhal_bsp.a(alt_dcache_flush_all.o)
 .debug_line    0x000000000000058a       0x87 ../calc_2_bsp/\libhal_bsp.a(alt_icache_flush_all.o)
 .debug_line    0x0000000000000611       0x50 ../calc_2_bsp/\libhal_bsp.a(altera_nios2_gen2_irq.o)
 .debug_line    0x0000000000000661       0x7d ../calc_2_bsp/\libhal_bsp.a(alt_icache_flush.o)
 .debug_line    0x00000000000006de      0x174 c:/altera/14.1/nios2eds/bin/gnu/h-x86_64-mingw32/bin/../lib/gcc/nios2-elf/4.8.3/../../../../../H-x86_64-mingw32/nios2-elf/lib\libsmallc.a(lib_a-strlen.o)

.debug_frame    0x0000000000000000      0x1b0
 *(.debug_frame)
 .debug_frame   0x0000000000000000       0x28 obj/default/hello_world_small.o
 .debug_frame   0x0000000000000028       0x30 ../calc_2_bsp/\libhal_bsp.a(alt_load.o)
 .debug_frame   0x0000000000000058       0x2c ../calc_2_bsp/\libhal_bsp.a(alt_main.o)
 .debug_frame   0x0000000000000084       0x30 ../calc_2_bsp/\libhal_bsp.a(alt_putstr.o)
 .debug_frame   0x00000000000000b4       0x3c ../calc_2_bsp/\libhal_bsp.a(alt_sys_init.o)
 .debug_frame   0x00000000000000f0       0x20 ../calc_2_bsp/\libhal_bsp.a(altera_avalon_jtag_uart_write.o)
 .debug_frame   0x0000000000000110       0x20 ../calc_2_bsp/\libhal_bsp.a(alt_dcache_flush_all.o)
 .debug_frame   0x0000000000000130       0x20 ../calc_2_bsp/\libhal_bsp.a(alt_icache_flush_all.o)
 .debug_frame   0x0000000000000150       0x20 ../calc_2_bsp/\libhal_bsp.a(altera_nios2_gen2_irq.o)
 .debug_frame   0x0000000000000170       0x20 ../calc_2_bsp/\libhal_bsp.a(alt_icache_flush.o)
 .debug_frame   0x0000000000000190       0x20 c:/altera/14.1/nios2eds/bin/gnu/h-x86_64-mingw32/bin/../lib/gcc/nios2-elf/4.8.3/../../../../../H-x86_64-mingw32/nios2-elf/lib\libsmallc.a(lib_a-strlen.o)

.debug_str      0x0000000000000000      0x57d
 *(.debug_str)
 .debug_str     0x0000000000000000       0x8e obj/default/hello_world_small.o
                                         0x98 (size before relaxing)
 .debug_str     0x000000000000008e      0x19c ../calc_2_bsp/\libhal_bsp.a(alt_load.o)
                                        0x220 (size before relaxing)
 .debug_str     0x000000000000022a       0x8f ../calc_2_bsp/\libhal_bsp.a(alt_main.o)
                                        0x199 (size before relaxing)
 .debug_str     0x00000000000002b9       0x6d ../calc_2_bsp/\libhal_bsp.a(alt_putstr.o)
                                        0x17d (size before relaxing)
 .debug_str     0x0000000000000326       0x86 ../calc_2_bsp/\libhal_bsp.a(alt_sys_init.o)
                                        0x20a (size before relaxing)
 .debug_str     0x00000000000003ac       0x3f ../calc_2_bsp/\libhal_bsp.a(altera_avalon_jtag_uart_write.o)
                                        0x1f9 (size before relaxing)
 .debug_str     0x00000000000003eb       0x1f ../calc_2_bsp/\libhal_bsp.a(alt_dcache_flush_all.o)
                                        0x139 (size before relaxing)
 .debug_str     0x000000000000040a       0x30 ../calc_2_bsp/\libhal_bsp.a(alt_icache_flush_all.o)
                                        0x152 (size before relaxing)
 .debug_str     0x000000000000043a       0x20 ../calc_2_bsp/\libhal_bsp.a(altera_nios2_gen2_irq.o)
                                        0x140 (size before relaxing)
 .debug_str     0x000000000000045a       0x1b ../calc_2_bsp/\libhal_bsp.a(alt_icache_flush.o)
                                        0x13f (size before relaxing)
 .debug_str     0x0000000000000475      0x108 c:/altera/14.1/nios2eds/bin/gnu/h-x86_64-mingw32/bin/../lib/gcc/nios2-elf/4.8.3/../../../../../H-x86_64-mingw32/nios2-elf/lib\libsmallc.a(lib_a-strlen.o)
                                        0x1ae (size before relaxing)

.debug_loc      0x0000000000000000      0x1ff
 *(.debug_loc)
 .debug_loc     0x0000000000000000       0x8d ../calc_2_bsp/\libhal_bsp.a(alt_load.o)
 .debug_loc     0x000000000000008d       0x37 ../calc_2_bsp/\libhal_bsp.a(alt_putstr.o)
 .debug_loc     0x00000000000000c4       0x21 ../calc_2_bsp/\libhal_bsp.a(alt_sys_init.o)
 .debug_loc     0x00000000000000e5       0x8b ../calc_2_bsp/\libhal_bsp.a(altera_avalon_jtag_uart_write.o)
 .debug_loc     0x0000000000000170       0x1f ../calc_2_bsp/\libhal_bsp.a(alt_dcache_flush_all.o)
 .debug_loc     0x000000000000018f       0x52 ../calc_2_bsp/\libhal_bsp.a(alt_icache_flush.o)
 .debug_loc     0x00000000000001e1       0x1e c:/altera/14.1/nios2eds/bin/gnu/h-x86_64-mingw32/bin/../lib/gcc/nios2-elf/4.8.3/../../../../../H-x86_64-mingw32/nios2-elf/lib\libsmallc.a(lib_a-strlen.o)

.debug_macinfo
 *(.debug_macinfo)

.debug_weaknames
 *(.debug_weaknames)

.debug_funcnames
 *(.debug_funcnames)

.debug_typenames
 *(.debug_typenames)

.debug_varnames
 *(.debug_varnames)

.debug_alt_sim_info
                0x0000000000000000       0x30
 *(.debug_alt_sim_info)
 .debug_alt_sim_info
                0x0000000000000000       0x30 ../calc_2_bsp//obj/HAL/src/crt0.o
                0x0000000000008000                __alt_data_end = 0x8000
                0x0000000000008000                PROVIDE (__alt_stack_pointer, __alt_data_end)
                0x00000000000042e4                PROVIDE (__alt_stack_limit, __alt_stack_base)
                0x00000000000042e4                PROVIDE (__alt_heap_start, end)
                0x0000000000008000                PROVIDE (__alt_heap_limit, 0x8000)
OUTPUT(calc_2.elf elf32-littlenios2)

.debug_ranges   0x0000000000000000       0x88
 .debug_ranges  0x0000000000000000       0x20 ../calc_2_bsp//obj/HAL/src/crt0.o
 .debug_ranges  0x0000000000000020       0x10 obj/default/hello_world_small.o
 .debug_ranges  0x0000000000000030       0x48 ../calc_2_bsp/\libhal_bsp.a(alt_load.o)
 .debug_ranges  0x0000000000000078       0x10 ../calc_2_bsp/\libhal_bsp.a(alt_icache_flush.o)
